// Jest Snapshot v1, https://goo.gl/fbAQLP

exports[`<IndexPage /> renders 1`] = `
<div>
  <header
    class="diagonal"
  >
    <div
      class="container"
    >
      <div
        class="profile"
      >
        <span
          style="box-sizing: border-box; display: inline-block; overflow: hidden; background: none; opacity: 1; border: 0px; margin: 0px; padding: 0px; position: relative; max-width: 100%;"
        >
          <span
            style="box-sizing: border-box; display: block; background: none; opacity: 1; border: 0px; margin: 0px; padding: 0px; max-width: 100%;"
          >
            <img
              alt=""
              aria-hidden="true"
              src="data:image/svg+xml,%3csvg%20xmlns=%27http://www.w3.org/2000/svg%27%20version=%271.1%27%20width=%27150%27%20height=%27150%27/%3e"
              style="display: block; max-width: 100%; background: none; opacity: 1; border: 0px; margin: 0px; padding: 0px;"
            />
          </span>
          <img
            alt="Profile picture"
            class="pfp"
            data-nimg="intrinsic"
            decoding="async"
            src="data:image/gif;base64,R0lGODlhAQABAIAAAAAAAP///yH5BAEAAAAALAAAAAABAAEAAAIBRAA7"
            style="position: absolute; top: 0px; left: 0px; bottom: 0px; right: 0px; box-sizing: border-box; padding: 0px; margin: auto; display: block; width: 0px; height: 0px; min-width: 100%; max-width: 100%; min-height: 100%; max-height: 100%;"
          />
          <noscript />
        </span>
      </div>
      <div
        class="text_container"
      >
        <h1
          class="title"
        >
          Dalton Craven
        </h1>
        <p
          class="subtitle"
        >
          <b>
            Student & Developer
          </b>
        </p>
      </div>
    </div>
  </header>
  <main
    class="container"
  >
    <div
      class="container"
    >
      <a
        class="primary"
        href="/"
      >
        Lire en français
      </a>
    </div>
    <p>
      <span
        class="greeting"
      >
        Hello! My name is
         
        <span
          class="gradient"
        >
          Dalton Craven
        </span>
        .
         
      </span>
      It’s hard to introduce myself over the internet, but here’s a little bit about me
      : 
    </p>
    <div
      class="card_grid"
    >
      <div
        class="card"
      >
        <h2
          class="heading"
        >
          Education
        </h2>
        <p>
          I’m a junior at the University of South Carolina. I’m pursuing a Bachelor of Science in Computer Science with a major in computer science and a minor in psychology (weird, right?). I’m also a McNair Scholar as part of UofSC’s most prestigious scholarship program, the University Top Scholars.
        </p>
      </div>
      <div
        class="card"
      >
        <h2
          class="heading"
        >
          Study Abroad
        </h2>
        <p>
          I just wrapped up a year-long exchange program at the American University of Paris! I was in France for the entirety of 2021, weathering lockdowns & strikes while gaining valuable life experience. I completed coursework in both computer science & psychology, as well as in French language and culture.
        </p>
      </div>
      <div
        class="card"
      >
        <h2
          class="heading"
        >
          Work
        </h2>
        <p>
          Summer 2021, I completed my fifth internship: a frontend web developer at
           
          <a
            class="primary"
            href="https://qantev.com"
          >
            Qantev
          </a>
          .
           
          There, I worked in a React-based development stack, creating new features for our production application. I also helped run a rigorous QA session before shipping a new version of the application. Finally, I learned the basics of back end development (using Python & Pandas), culminating in a month-long new feature that I single-handedly executed.
        </p>
      </div>
      <div
        class="card"
      >
        <h2
          class="heading"
        >
          Freelancing
        </h2>
        <p>
          I also do freelance web development! I work primarily with small businesses (although I’m open for anything), with an emphasis on providing resources and training to ensure long-term functionality.
        </p>
        <ul>
          <li>
            <a
              class="primary"
              href="https://crystalclearcontractors.com"
            >
              Crystal Clear Contracting
            </a>
          </li>
          <li>
            <a
              class="primary"
              href="https://crystalclearconcrete.com"
            >
              Crystal Clear Concrete
            </a>
          </li>
          <li>
            <a
              class="primary"
              href="https://cleancrystalclear.com"
            >
              Clean Crystal Clear
            </a>
          </li>
          <li>
            <a
              class="primary"
              href="https://elitepaintcincy.com"
            >
              Elite Painting
            </a>
          </li>
          <li>
            <a
              class="primary"
              href="https://elitecontractingcincy.com"
            >
              Elite Contracting
            </a>
          </li>
        </ul>
      </div>
    </div>
    <h2>
      Skills & Certifications
    </h2>
    <ul>
      <li>
        <strong>
          Languages (spoken)
          : 
        </strong>
        English, French, American Sign Language (ASL)
      </li>
      <li>
        <strong>
          Languages (tech)
          : 
        </strong>
        React, GraphQL, Java, HTML, CSS, JavaScript, Visual Basic .NET, C++, PHP, SQL, Python, R
      </li>
      <li>
        <strong>
          Tools
          : 
        </strong>
        Next, Git, GitHub, GitLab, Gatsby, cPanel, WHM, Flask, Django, Linux, DigitalOcean, AWS, Netlify, WordPress
      </li>
      <li>
        <strong>
          Certifications
          : 
        </strong>
        <ul>
          <li>
            The Fundamentals of Digital Marketing, Google —
             
            <em>
              Certified April 2020
            </em>
          </li>
          <li>
            Microsoft Office Specialist (MOS) Master 2016, MOS Word 2016 Expert, MOS Excel 2016 Expert, MOS PowerPoint 2016, MOS Outlook 2016, MOS Access 2016 — 
            <em>
              Certified Fall 2018
            </em>
          </li>
        </ul>
      </li>
    </ul>
    <h2>
      Contact
    </h2>
    <ul>
      <li>
        <strong>
          Phone
          : 
        </strong>
        <a
          class="primary"
          href="tel:+15138136421"
        >
          +1 513 813 6421
        </a>
      </li>
      <li>
        <strong>
          Email
          : 
        </strong>
        <a
          class="primary"
          href="mailto:daltoncraven@protonmail.com"
        >
          daltoncraven@protonmail.com
        </a>
      </li>
      <li>
        <strong>
          GitHub
          : 
        </strong>
        <a
          class="primary"
          href="https://github.com/cravend"
        >
          cravend
        </a>
      </li>
      <li>
        <strong>
          GitLab
          : 
        </strong>
        <a
          class="primary"
          href="https://gitlab.com/cravend"
        >
          cravend
        </a>
      </li>
      <li>
        <strong>
          LinkedIn
          : 
        </strong>
        <a
          class="primary"
          href="https://www.linkedin.com/in/daltoncraven/"
        >
          daltoncraven
        </a>
      </li>
      <li>
        <strong>
          GPG
          : 
        </strong>
        <a
          class="primary"
          href="https://github.com/cravend.gpg"
        >
          0xFF3FA75081B3B98C
        </a>
      </li>
    </ul>
  </main>
  <footer
    class="background"
  >
    <div
      class="container"
    >
      <p>
        © 2022 Dalton Craven | View source on 
        <a
          class="primary"
          href="https://github.com/cravend/site"
        >
          GitHub
        </a>
      </p>
    </div>
  </footer>
</div>
`;
