// Jest Snapshot v1, https://goo.gl/fbAQLP

exports[`<Contact /> renders 1`] = `
<div>
  <h2
    id="contact"
  >
    Contact
  </h2>
  <ul>
    <li>
      <strong>
        American Phone
      </strong>
      : 
      <a
        class="primary"
        href="tel:+15138136421"
      >
        +1 513 813 6421
      </a>
    </li>
    <li>
      <strong>
        Email
      </strong>
      : 
      <a
        class="primary"
        href="mailto:daltoncraven@proton.me"
      >
        daltoncraven@proton.me
      </a>
    </li>
    <li>
      <strong>
        GitHub
      </strong>
      : 
      <a
        class="primary"
        href="https://github.com/cravend"
      >
        cravend
      </a>
    </li>
    <li>
      <strong>
        GitLab
      </strong>
      : 
      <a
        class="primary"
        href="https://gitlab.com/cravend"
      >
        cravend
      </a>
    </li>
    <li>
      <strong>
        LinkedIn
      </strong>
      : 
      <a
        class="primary"
        href="https://www.linkedin.com/in/daltoncraven/"
      >
        daltoncraven
      </a>
    </li>
    <li>
      <strong>
        GPG
      </strong>
      : 
      <a
        class="primary"
        href="https://github.com/cravend.gpg"
      >
        0xFF3FA75081B3B98C
      </a>
    </li>
  </ul>
</div>
`;
