// Jest Snapshot v1, https://goo.gl/fbAQLP

exports[`<Header /> renders 1`] = `
<div>
  <header
    class="diagonal"
  >
    <div
      class="container"
    >
      <div
        class="profile"
      >
        <img
          alt="Profile picture"
          class="pfp"
          data-nimg="1"
          decoding="async"
          height="150"
          loading="lazy"
          src="/_next/image?url=%2Fhello-world.jpg&w=384&q=75"
          srcset="/_next/image?url=%2Fhello-world.jpg&w=256&q=75 1x, /_next/image?url=%2Fhello-world.jpg&w=384&q=75 2x"
          style="color: transparent;"
          width="150"
        />
      </div>
      <div
        class="text_container"
      >
        <h1
          class="title"
        >
          Dalton Craven
        </h1>
        <p
          class="subtitle"
        >
          <b>
            Student & Developer
          </b>
        </p>
      </div>
    </div>
  </header>
</div>
`;
