// Jest Snapshot v1, https://goo.gl/fbAQLP

exports[`<Skills /> renders 1`] = `
<div>
  <h2>
    Skills
  </h2>
  <ul>
    <li>
      <strong>
        Languages (spoken):
      </strong>
       
      <a
        class="primary"
        href="/"
      >
        English
      </a>
      , 
      <a
        class="primary"
        href="/"
      >
        French
      </a>
      , American Sign Language (ASL), 
      <a
        class="primary"
        href="/"
      >
        Arabic
      </a>
    </li>
    <li>
      <strong>
        Languages (tech):
      </strong>
       React, GraphQL, Java, HTML, CSS, JavaScript, Visual Basic .NET, C++, PHP, SQL, Python, R
    </li>
    <li>
      <strong>
        Tools:
      </strong>
       Next, Git, GitHub, GitLab, Gatsby, cPanel, WHM, Flask, Django, Linux, DigitalOcean, AWS, Netlify, WordPress
    </li>
    <li>
      <strong>
        Certifications
      </strong>
      <ul>
        <li>
          The Fundamentals of Digital Marketing, Google — 
          <em>
            Certified April 2020
          </em>
        </li>
        <li>
          Microsoft Office Specialist (MOS) Master 2016 — 
          <em>
            Certified fall 2018
          </em>
        </li>
        <li>
          MOS Word 2016 Expert, MOS Excel 2016 Expert — 
          <em>
            Certified fall 2018
          </em>
        </li>
      </ul>
    </li>
  </ul>
</div>
`;
