// Jest Snapshot v1, https://goo.gl/fbAQLP

exports[`<Footer /> displays the current year 1`] = `
<p
  class="css-mkb8ra"
>
  © 2021 Dalton Craven 
</p>
`;

exports[`<Footer /> renders 1`] = `
<div>
  <footer
    class="css-2vvwml"
  >
    <div
      class="css-1yrmf69"
    >
      <div
        class="css-1w7p2by"
      >
        <p
          class="css-mkb8ra"
        >
          © 2021 Dalton Craven 
        </p>
        <p
          class="css-mkb8ra"
        >
          View source on
           
          <a
            href="https://github.com/cravend/site"
          >
            GitHub
          </a>
        </p>
      </div>
    </div>
  </footer>
</div>
`;
